
> docvault@0.1.0 build
> next build

  Ôû▓ Next.js 14.2.35
  - Environments: .env.local

   Creating an optimized production build ...
 Ô£ô Compiled successfully
   Skipping validation of types
   Skipping linting
   Collecting page data ...
   Generating static pages (0/20) ...
   Generating static pages (5/20) 
   Generating static pages (10/20) 
   Generating static pages (15/20) 
node.exe : ReferenceError: file is not 
defined
No linha:1 caractere:1
+ & "C:\Program Files\nodejs/node.exe" 
"C:\Program Files\nodejs/node_mo ...
+ ~~~~~~~~~~~~~~~~~~~~~~~~~~~~~~~~~~~~~~~~~~~
~~~~~~~~~~~~~~~~~~~~~~~~~~
    + CategoryInfo          : NotSpecified:  
   (ReferenceError: file is not defined:Str  
  ing) [], RemoteException
    + FullyQualifiedErrorId : NativeCommandE 
   rror
 
    at R (D:\Desktop\app sr manual\.next\serv
er\app\dashboard\upload\page.js:6:10723)
    at nj (D:\Desktop\app sr manual\node_modu
les\next\dist\compiled\next-server\app-page.r
untime.prod.js:12:46252)
    at nM (D:\Desktop\app sr manual\node_modu
les\next\dist\compiled\next-server\app-page.r
untime.prod.js:12:47572)
    at nL (D:\Desktop\app sr manual\node_modu
les\next\dist\compiled\next-server\app-page.r
untime.prod.js:12:64547)
    at nI (D:\Desktop\app sr manual\node_modu
les\next\dist\compiled\next-server\app-page.r
untime.prod.js:12:47011)
    at nM (D:\Desktop\app sr manual\node_modu
les\next\dist\compiled\next-server\app-page.r
untime.prod.js:12:47718)
    at nM (D:\Desktop\app sr manual\node_modu
les\next\dist\compiled\next-server\app-page.r
untime.prod.js:12:61547)
    at nL (D:\Desktop\app sr manual\node_modu
les\next\dist\compiled\next-server\app-page.r
untime.prod.js:12:64547)
    at nB (D:\Desktop\app sr manual\node_modu
les\next\dist\compiled\next-server\app-page.r
untime.prod.js:12:67539)
    at nD (D:\Desktop\app sr manual\node_modu
les\next\dist\compiled\next-server\app-page.r
untime.prod.js:12:66681) {
  digest: '3691925202'
}

Error occurred prerendering page 
"/dashboard/upload". Read more: https://nextj
s.org/docs/messages/prerender-error

ReferenceError: file is not defined
    at R (D:\Desktop\app sr manual\.next\serv
er\app\dashboard\upload\page.js:6:10723)
    at nj (D:\Desktop\app sr manual\node_modu
les\next\dist\compiled\next-server\app-page.r
untime.prod.js:12:46252)
    at nM (D:\Desktop\app sr manual\node_modu
les\next\dist\compiled\next-server\app-page.r
untime.prod.js:12:47572)
    at nL (D:\Desktop\app sr manual\node_modu
les\next\dist\compiled\next-server\app-page.r
untime.prod.js:12:64547)
    at nI (D:\Desktop\app sr manual\node_modu
les\next\dist\compiled\next-server\app-page.r
untime.prod.js:12:47011)
    at nM (D:\Desktop\app sr manual\node_modu
les\next\dist\compiled\next-server\app-page.r
untime.prod.js:12:47718)
    at nM (D:\Desktop\app sr manual\node_modu
les\next\dist\compiled\next-server\app-page.r
untime.prod.js:12:61547)
    at nL (D:\Desktop\app sr manual\node_modu
les\next\dist\compiled\next-server\app-page.r
untime.prod.js:12:64547)
    at nB (D:\Desktop\app sr manual\node_modu
les\next\dist\compiled\next-server\app-page.r
untime.prod.js:12:67539)
    at nD (D:\Desktop\app sr manual\node_modu
les\next\dist\compiled\next-server\app-page.r
untime.prod.js:12:66681)
 Ô£ô Generating static pages (20/20)

> Export encountered errors on following 
paths:
	/dashboard/upload/page: /dashboard/upload
